  SS → classification/01-login-home/00-after-login.png

======== TASK: classification ========
  SS → classification/01-login-home/01-home.png
[PASS] classification/01-login-home: Copy present: 'Loading your projects…' — Observed exact string
  SS → classification/02-new-workspace/01-empty-discovery.png
[PASS] classification/02-new-workspace: Copy present: 'Upload sample images (10 required)' — Observed exact string
[PASS] classification/02-new-workspace: Copy present: 'Define Your Vision Task' — Observed exact string
[PASS] classification/02-new-workspace: Chat placeholder — Upload 10 sample images to enable chat (0/10)…
[PASS] classification/02-new-workspace: Project created — project_id=None
  SS → classification/03-sample-upload/01-samples-10-of-10.png
[PASS] classification/03-sample-upload: Copy present: 'Define Your Vision Task' — Observed exact string
[PASS] classification/03-sample-upload: Copy present: 'Generate Config' — Observed exact string
[PASS] classification/03-sample-upload: Copy present: 'Attached images:' — Observed exact string
[PASS] classification/03-sample-upload: Copy present: 'Send −' — Observed exact string
[PASS] classification/03-sample-upload: Copy present: 'Config −' — Observed exact string
[PASS] classification/03-sample-upload: Sample counter shows 10/10 — Samples complete
[PASS] classification/03-sample-upload: Label uses colon after Attached images — Exact: 'Attached images:'
  SS → classification/04-vlm-chat/01-after-turn-1.png
[PASS] classification/04-vlm-chat: Copy present: 'Define Your Vision Task' — Observed exact string
[PASS] classification/04-vlm-chat: Copy present: 'Generate Config' — Observed exact string
[PASS] classification/04-vlm-chat: Copy present: 'Attached images:' — Observed exact string
[PASS] classification/04-vlm-chat: Copy present: 'Understanding your project' — Observed exact string
[PASS] classification/04-vlm-chat: Copy present: 'Send −' — Observed exact string
[PASS] classification/04-vlm-chat: Copy present: 'Config −' — Observed exact string
[NOTE] classification/04-vlm-chat: Generate Config mentioned in UI after turn — turn=1
  SS → classification/04-vlm-chat/02-after-turn-2.png
[PASS] classification/04-vlm-chat: Copy present: 'Define Your Vision Task' — Observed exact string
[PASS] classification/04-vlm-chat: Copy present: 'Generate Config' — Observed exact string
[PASS] classification/04-vlm-chat: Copy present: 'Attached images:' — Observed exact string
[PASS] classification/04-vlm-chat: Copy present: 'Understanding your project' — Observed exact string
[PASS] classification/04-vlm-chat: Copy present: 'Send −' — Observed exact string
[PASS] classification/04-vlm-chat: Copy present: 'Config −' — Observed exact string
[NOTE] classification/04-vlm-chat: Generate Config mentioned in UI after turn — turn=2
  SS → classification/04-vlm-chat/03-after-turn-3.png
[PASS] classification/04-vlm-chat: Copy present: 'Define Your Vision Task' — Observed exact string
[PASS] classification/04-vlm-chat: Copy present: 'Generate Config' — Observed exact string
[PASS] classification/04-vlm-chat: Copy present: 'Attached images:' — Observed exact string
[PASS] classification/04-vlm-chat: Copy present: 'Ready to build your plan' — Observed exact string
[PASS] classification/04-vlm-chat: Copy present: 'Send −' — Observed exact string
[PASS] classification/04-vlm-chat: Copy present: 'Config −' — Observed exact string
[NOTE] classification/04-vlm-chat: Mixed dash styles (em dash and spaced hyphen) — Both '—' and ' - ' appear on page
[NOTE] classification/04-vlm-chat: Generate Config mentioned in UI after turn — turn=3
  SS → classification/05-generate-config/01-before-click.png
  SS → classification/05-generate-config/02-config-ready.png
[PASS] classification/05-generate-config: Copy present: 'Define Your Vision Task' — Observed exact string
[PASS] classification/05-generate-config: Copy present: 'Generate Config' — Observed exact string
[PASS] classification/05-generate-config: Copy present: 'Sort into one group' — Observed exact string
[PASS] classification/05-generate-config: Copy present: 'Attached images:' — Observed exact string
[PASS] classification/05-generate-config: Copy present: 'Send −' — Observed exact string
[PASS] classification/05-generate-config: Copy present: 'Config −' — Observed exact string
[NOTE] classification/05-generate-config: Mixed dash styles (em dash and spaced hyphen) — Both '—' and ' - ' appear on page
[PASS] classification/05-generate-config: Task badge shows 'Sort into one group' — Exact match
  SS → classification/06-dataset-step/01-dataset-empty.png
[PASS] classification/06-dataset-step: Copy present: 'Review setup' — Observed exact string
[PASS] classification/06-dataset-step: Copy present: 'Still missing steps' — Observed exact string
[PASS] classification/06-dataset-step: Copy present: 'Sort into one group' — Observed exact string
[NOTE] classification/06-dataset-step: Mixed dash styles (em dash and spaced hyphen) — Both '—' and ' - ' appear on page
  SS → classification/06-dataset-step/02-uploaded-ok.png
  SS → classification/06-dataset-step/02-uploaded-defect.png
  SS → classification/06-dataset-step/04-dataset-ready.png
[PASS] classification/06-dataset-step: Copy present: 'Review setup' — Observed exact string
[PASS] classification/06-dataset-step: Copy present: 'Sort into one group' — Observed exact string
[NOTE] classification/06-dataset-step: Mixed dash styles (em dash and spaced hyphen) — Both '—' and ' - ' appear on page
[PASS] classification/06-dataset-step: Status shows Ready — Dataset ready indicator
  SS → classification/07-training-review/01-training-review.png
[PASS] classification/07-training-review: Copy present: 'Start training' — Observed exact string
[PASS] classification/07-training-review: Copy present: 'Sort into one group' — Observed exact string
[NOTE] classification/07-training-review: Mixed dash styles (em dash and spaced hyphen) — Both '—' and ' - ' appear on page
[PASS] classification/07-training-review: Reached Step 3 without starting training — Start-related buttons visible: 0
[NOTE] classification/07-training-review: Step 3 H3 is 'Start training' while CTA may also start training — Header copy: 'Start training' — may confuse with the action button.
  SS → classification/08-ui-details/01-bottom.png
  SS → classification/08-ui-details/02-top.png
[PASS] classification/08-ui-details: Copy present: 'Start training' — Observed exact string
[PASS] classification/08-ui-details: Copy present: 'Sort into one group' — Observed exact string
[NOTE] classification/08-ui-details: Mixed dash styles (em dash and spaced hyphen) — Both '—' and ' - ' appear on page
[PASS] classification/08-ui-details: Exact sentence match — Pipeline settings are chosen automatically from your dataset images — review below, then start training.
[PASS] classification/07-training-review: Flow complete (no training started) — project_id=None

Report → /Users/ahmetahacelik/Downloads/AI-Model-Builder/qa-screenshots/_reports/findings.md
