  SS → classification/01-login-home/00-after-login.png

======== TASK: multi_label ========
  SS → multi_label/01-login-home/01-home.png
[NOTE] multi_label/01-login-home: Mixed dash styles (em dash and spaced hyphen) — Both '—' and ' - ' appear on page
  SS → multi_label/02-new-workspace/01-empty-discovery.png
[PASS] multi_label/02-new-workspace: Copy present: 'Upload sample images (10 required)' — Observed exact string
[PASS] multi_label/02-new-workspace: Copy present: 'Define Your Vision Task' — Observed exact string
[PASS] multi_label/02-new-workspace: Chat placeholder — Upload 10 sample images to enable chat (0/10)…
[PASS] multi_label/02-new-workspace: Project created — project_id=None
  SS → multi_label/03-sample-upload/01-samples-10-of-10.png
[PASS] multi_label/03-sample-upload: Copy present: 'Define Your Vision Task' — Observed exact string
[PASS] multi_label/03-sample-upload: Copy present: 'Generate Config' — Observed exact string
[PASS] multi_label/03-sample-upload: Copy present: 'Attached images:' — Observed exact string
[PASS] multi_label/03-sample-upload: Copy present: 'Send −' — Observed exact string
[PASS] multi_label/03-sample-upload: Copy present: 'Config −' — Observed exact string
[PASS] multi_label/03-sample-upload: Sample counter shows 10/10 — Samples complete
[PASS] multi_label/03-sample-upload: Label uses colon after Attached images — Exact: 'Attached images:'
  SS → multi_label/04-vlm-chat/01-after-turn-1.png
[PASS] multi_label/04-vlm-chat: Copy present: 'Define Your Vision Task' — Observed exact string
[PASS] multi_label/04-vlm-chat: Copy present: 'Generate Config' — Observed exact string
[PASS] multi_label/04-vlm-chat: Copy present: 'Attached images:' — Observed exact string
[PASS] multi_label/04-vlm-chat: Copy present: 'Understanding your project' — Observed exact string
[PASS] multi_label/04-vlm-chat: Copy present: 'Send −' — Observed exact string
[PASS] multi_label/04-vlm-chat: Copy present: 'Config −' — Observed exact string
[NOTE] multi_label/04-vlm-chat: Generate Config mentioned in UI after turn — turn=1
  SS → multi_label/04-vlm-chat/02-after-turn-2.png
[PASS] multi_label/04-vlm-chat: Copy present: 'Define Your Vision Task' — Observed exact string
[PASS] multi_label/04-vlm-chat: Copy present: 'Generate Config' — Observed exact string
[PASS] multi_label/04-vlm-chat: Copy present: 'Attached images:' — Observed exact string
[PASS] multi_label/04-vlm-chat: Copy present: 'Ready to build your plan' — Observed exact string
[PASS] multi_label/04-vlm-chat: Copy present: 'Send −' — Observed exact string
[PASS] multi_label/04-vlm-chat: Copy present: 'Config −' — Observed exact string
[NOTE] multi_label/04-vlm-chat: Generate Config mentioned in UI after turn — turn=2
  SS → multi_label/04-vlm-chat/03-after-turn-3.png
[PASS] multi_label/04-vlm-chat: Copy present: 'Define Your Vision Task' — Observed exact string
[PASS] multi_label/04-vlm-chat: Copy present: 'Generate Config' — Observed exact string
[PASS] multi_label/04-vlm-chat: Copy present: 'Attached images:' — Observed exact string
[PASS] multi_label/04-vlm-chat: Copy present: 'Ready to build your plan' — Observed exact string
[PASS] multi_label/04-vlm-chat: Copy present: 'Send −' — Observed exact string
[PASS] multi_label/04-vlm-chat: Copy present: 'Config −' — Observed exact string
[NOTE] multi_label/04-vlm-chat: Mixed dash styles (em dash and spaced hyphen) — Both '—' and ' - ' appear on page
[NOTE] multi_label/04-vlm-chat: Generate Config mentioned in UI after turn — turn=3
  SS → multi_label/05-generate-config/01-before-click.png
  SS → multi_label/05-generate-config/02-config-ready.png
[PASS] multi_label/05-generate-config: Copy present: 'Define Your Vision Task' — Observed exact string
[PASS] multi_label/05-generate-config: Copy present: 'Generate Config' — Observed exact string
[PASS] multi_label/05-generate-config: Copy present: 'Several tags per photo' — Observed exact string
[PASS] multi_label/05-generate-config: Copy present: 'Attached images:' — Observed exact string
[PASS] multi_label/05-generate-config: Copy present: 'Send −' — Observed exact string
[PASS] multi_label/05-generate-config: Copy present: 'Config −' — Observed exact string
[NOTE] multi_label/05-generate-config: Mixed dash styles (em dash and spaced hyphen) — Both '—' and ' - ' appear on page
[PASS] multi_label/05-generate-config: Task badge shows 'Several tags per photo' — Exact match
  SS → multi_label/06-dataset-step/01-dataset-empty.png
[PASS] multi_label/06-dataset-step: Copy present: 'Generate Config' — Observed exact string
[PASS] multi_label/06-dataset-step: Copy present: 'Review setup' — Observed exact string
[PASS] multi_label/06-dataset-step: Copy present: 'Still missing steps' — Observed exact string
[PASS] multi_label/06-dataset-step: Copy present: 'Several tags per photo' — Observed exact string
  SS → multi_label/06-dataset-step/02-images-uploaded.png
  SS → multi_label/06-dataset-step/03-manifest-uploaded.png
  SS → multi_label/06-dataset-step/99-not-ready.png
[FAIL] multi_label/06-dataset-step: Review setup stayed disabled — VisionDockComputer Vision PlatformWorkspaceHomeDiscovery & ProjectsModel LibraryDataset LibraryInferenceBilling & PlansActive projectOutdoor Rack Defect Multi-L
[BLOCKED] multi_label/error: Task aborted — Dataset not ready
  SS → multi_label/08-ui-details/99-error-state.png

======== TASK: regression ========
  SS → regression/01-login-home/01-home.png
  SS → regression/02-new-workspace/01-empty-discovery.png
[PASS] regression/02-new-workspace: Project created — project_id=None
  SS → regression/03-sample-upload/01-samples-10-of-10.png
  SS → regression/04-vlm-chat/01-after-turn-1.png
[PASS] regression/04-vlm-chat: Copy present: 'Define Your Vision Task' — Observed exact string
[PASS] regression/04-vlm-chat: Copy present: 'Generate Config' — Observed exact string
[PASS] regression/04-vlm-chat: Copy present: 'Several tags per photo' — Observed exact string
[PASS] regression/04-vlm-chat: Copy present: 'Attached images:' — Observed exact string
[PASS] regression/04-vlm-chat: Copy present: 'Send −' — Observed exact string
[PASS] regression/04-vlm-chat: Copy present: 'Config −' — Observed exact string
[NOTE] regression/04-vlm-chat: Mixed dash styles (em dash and spaced hyphen) — Both '—' and ' - ' appear on page
[NOTE] regression/04-vlm-chat: Generate Config mentioned in UI after turn — turn=1
  SS → regression/04-vlm-chat/02-after-turn-2.png
[PASS] regression/04-vlm-chat: Copy present: 'Define Your Vision Task' — Observed exact string
[PASS] regression/04-vlm-chat: Copy present: 'Generate Config' — Observed exact string
[PASS] regression/04-vlm-chat: Copy present: 'Several tags per photo' — Observed exact string
[PASS] regression/04-vlm-chat: Copy present: 'Attached images:' — Observed exact string
[PASS] regression/04-vlm-chat: Copy present: 'Send −' — Observed exact string
[PASS] regression/04-vlm-chat: Copy present: 'Config −' — Observed exact string
[NOTE] regression/04-vlm-chat: Mixed dash styles (em dash and spaced hyphen) — Both '—' and ' - ' appear on page
[NOTE] regression/04-vlm-chat: Generate Config mentioned in UI after turn — turn=2
  SS → regression/04-vlm-chat/03-after-turn-3.png
[PASS] regression/04-vlm-chat: Copy present: 'Define Your Vision Task' — Observed exact string
[PASS] regression/04-vlm-chat: Copy present: 'Generate Config' — Observed exact string
[PASS] regression/04-vlm-chat: Copy present: 'Several tags per photo' — Observed exact string
[PASS] regression/04-vlm-chat: Copy present: 'Attached images:' — Observed exact string
[PASS] regression/04-vlm-chat: Copy present: 'Send −' — Observed exact string
[PASS] regression/04-vlm-chat: Copy present: 'Config −' — Observed exact string
[NOTE] regression/04-vlm-chat: Mixed dash styles (em dash and spaced hyphen) — Both '—' and ' - ' appear on page
[NOTE] regression/04-vlm-chat: Generate Config mentioned in UI after turn — turn=3
  SS → regression/04-vlm-chat/90-unlock-attempt-1.png
  SS → regression/04-vlm-chat/90-unlock-attempt-2.png
  SS → regression/05-generate-config/01-before-click.png
  SS → regression/05-generate-config/02-config-ready.png
[PASS] regression/05-generate-config: Copy present: 'Define Your Vision Task' — Observed exact string
[PASS] regression/05-generate-config: Copy present: 'Generate Config' — Observed exact string
[PASS] regression/05-generate-config: Copy present: 'Several tags per photo' — Observed exact string
[PASS] regression/05-generate-config: Copy present: 'Attached images:' — Observed exact string
[PASS] regression/05-generate-config: Copy present: 'Send −' — Observed exact string
[PASS] regression/05-generate-config: Copy present: 'Config −' — Observed exact string
[NOTE] regression/05-generate-config: Mixed dash styles (em dash and spaced hyphen) — Both '—' and ' - ' appear on page
[FAIL] regression/05-generate-config: Expected task badge 'Predict a number' missing — VisionDockComputer Vision PlatformWorkspaceHomeDiscovery & ProjectsModel LibraryDataset LibraryInferenceBilling & PlansActive projectOutdoor Rack Defect Multi-L
  SS → regression/06-dataset-step/01-dataset-empty.png
[PASS] regression/06-dataset-step: Copy present: 'Generate Config' — Observed exact string
[PASS] regression/06-dataset-step: Copy present: 'Review setup' — Observed exact string
[PASS] regression/06-dataset-step: Copy present: 'Still missing steps' — Observed exact string
[PASS] regression/06-dataset-step: Copy present: 'Several tags per photo' — Observed exact string
[BLOCKED] regression/error: Task aborted — Locator.set_input_files: Timeout 30000ms exceeded.
Call log:
  - waiting for locator("#regression-images")

  SS → regression/08-ui-details/99-error-state.png

======== TASK: object_detection ========
  SS → object_detection/01-login-home/01-home.png
  SS → object_detection/02-new-workspace/01-empty-discovery.png
[PASS] object_detection/02-new-workspace: Project created — project_id=None
  SS → object_detection/03-sample-upload/01-samples-10-of-10.png
[PASS] object_detection/03-sample-upload: Copy present: 'Define Your Vision Task' — Observed exact string
[PASS] object_detection/03-sample-upload: Copy present: 'Generate Config' — Observed exact string
[PASS] object_detection/03-sample-upload: Copy present: 'Several tags per photo' — Observed exact string
[PASS] object_detection/03-sample-upload: Copy present: 'Attached images:' — Observed exact string
[PASS] object_detection/03-sample-upload: Copy present: 'Send −' — Observed exact string
[PASS] object_detection/03-sample-upload: Copy present: 'Config −' — Observed exact string
[NOTE] object_detection/03-sample-upload: Mixed dash styles (em dash and spaced hyphen) — Both '—' and ' - ' appear on page
[PASS] object_detection/03-sample-upload: Sample counter shows 10/10 — Samples complete
[PASS] object_detection/03-sample-upload: Label uses colon after Attached images — Exact: 'Attached images:'
