Storage backend: azure (container=visiondock)

=== Seeding datasets ===
Dataset: imagenette-160
  Building Imagenette classification.zip from tarball…
  Using cached imagenette2-160.tgz (94 MB)
    Imagenette zip ready: 800 images
  -> 800 images uploaded as classification.zip
Dataset: cifar-10
  Cleared 1 existing blob(s) under marketplace/datasets/cifar-10/
  Building CIFAR-10 classification.zip from tarball…
  Using cached cifar-10-python.tar.gz (162 MB)
    CIFAR-10 zip ready: 800 images
  -> 800 images uploaded as classification.zip
  Skipping full VOC download (SEED_PREFER_COCO128=1) — using COCO128 for detection tasks
Dataset: voc-2012-detection
  Downloading COCO128 (128 images)…
  Using cached coco128.zip
  Cleared 1 existing blob(s) under marketplace/datasets/voc-2012-detection/
  -> 126 images in ZIP
Dataset: voc-single-object
  Downloading COCO128 (128 images)…
  Using cached coco128.zip
  Cleared 1 existing blob(s) under marketplace/datasets/voc-single-object/
  -> 126 images in ZIP
Dataset: voc-multilabel
  Cleared 13 existing blob(s) under marketplace/datasets/voc-multilabel/
  -> 0 images + manifest
Dataset: utkface-age
  Cleared 13 existing blob(s) under marketplace/datasets/utkface-age/
  Downloading UTKFace-Cropped tarball…
  Using cached UTKFace.tar.gz (101 MB)
    …5000 images processed
    …10000 images processed
    …15000 images processed
    …20000 images processed
    UTKFace ready: 23708 images
  -> 23708 images + targets CSV

=== Seeding models ===
Model: efficientnet-imagenette
  -> uploaded to marketplace/models/efficientnet-imagenette/
Model: efficientnet-cifar10
  -> uploaded to marketplace/models/efficientnet-cifar10/
Model: efficientnet-voc-multilabel
  -> uploaded to marketplace/models/efficientnet-voc-multilabel/
Model: efficientnet-age-regression
  -> uploaded to marketplace/models/efficientnet-age-regression/
Model: yolov8n-voc-detection
  Downloading YOLOv8n weights…
  Using cached yolov8n.pt
  -> uploaded to marketplace/models/yolov8n-voc-detection/
Model: yolov8n-voc-localization
  Downloading YOLOv8n weights…
  Using cached yolov8n.pt
  -> uploaded to marketplace/models/yolov8n-voc-localization/

Catalog uploaded to marketplace/catalog.json

=== Generating dataset previews ===
  imagenette-160: 8 preview(s)
  cifar-10: 8 preview(s)
  voc-2012-detection: 8 preview(s)
  voc-single-object: 8 preview(s)
  voc-multilabel: 0 preview(s)
  utkface-age: 8 preview(s)
Datasets seeded: 6 (imagenette-160, cifar-10, voc-2012-detection, voc-single-object, voc-multilabel, utkface-age)
Models seeded: 6 (efficientnet-imagenette, efficientnet-cifar10, efficientnet-voc-multilabel, efficientnet-age-regression, yolov8n-voc-detection, yolov8n-voc-localization)

Done. Start the API and open Dataset Library / Model Library in VisionDock.
EXIT:0
=== VOC follow-up pass (SEED_PREFER_COCO128=0) ===
  Downloading Pascal VOC 2012 trainval (~2 GB)…
VOC root: /tmp/visiondock-marketplace-seed/cache/voc2012/VOCdevkit/VOC2012
Dataset: voc-2012-detection
    …1000 images packed
    …2000 images packed
    …3000 images packed
    …4000 images packed
    …5000 images packed
    …6000 images packed
    …7000 images packed
    …8000 images packed
    …9000 images packed
    …10000 images packed
    …11000 images packed
    …12000 images packed
    …13000 images packed
    …14000 images packed
    …15000 images packed
    …16000 images packed
    …17000 images packed
  Cleared 9 existing blob(s) under marketplace/datasets/voc-2012-detection/
=== Fix pass: restore detection + capped VOC multilabel ===
Dataset: voc-2012-detection (COCO128)
  Downloading COCO128 (128 images)…
  Using cached coco128.zip
  streaming upload voc_detection.zip (6.9 MB) -> marketplace/datasets/voc-2012-detection/voc_detection.zip
  uploaded marketplace/datasets/voc-2012-detection/voc_detection.zip
  -> 126 images
Dataset: voc-single-object (COCO128)
  Downloading COCO128 (128 images)…
  Using cached coco128.zip
  Cleared 9 existing blob(s) under marketplace/datasets/voc-single-object/
  streaming upload voc_localization.zip (6.8 MB) -> marketplace/datasets/voc-single-object/voc_localization.zip
  uploaded marketplace/datasets/voc-single-object/voc_localization.zip
  -> 126 images
Dataset: voc-multilabel (VOC capped)
  built 800 multilabel images
  Cleared 1 existing blob(s) under marketplace/datasets/voc-multilabel/
  streaming upload img_00695.jpg (0.1 MB) -> marketplace/datasets/voc-multilabel/images/img_00695.jpg
  uploaded marketplace/datasets/voc-multilabel/images/img_00695.jpg
  streaming upload img_00681.jpg (0.1 MB) -> marketplace/datasets/voc-multilabel/images/img_00681.jpg
  uploaded marketplace/datasets/voc-multilabel/images/img_00681.jpg
  streaming upload img_00656.jpg (0.1 MB) -> marketplace/datasets/voc-multilabel/images/img_00656.jpg
  uploaded marketplace/datasets/voc-multilabel/images/img_00656.jpg
  streaming upload img_00130.jpg (0.1 MB) -> marketplace/datasets/voc-multilabel/images/img_00130.jpg
  uploaded marketplace/datasets/voc-multilabel/images/img_00130.jpg
  streaming upload img_00124.jpg (0.1 MB) -> marketplace/datasets/voc-multilabel/images/img_00124.jpg
  uploaded marketplace/datasets/voc-multilabel/images/img_00124.jpg
  streaming upload img_00642.jpg (0.1 MB) -> marketplace/datasets/voc-multilabel/images/img_00642.jpg
  uploaded marketplace/datasets/voc-multilabel/images/img_00642.jpg
  streaming upload img_00118.jpg (0.0 MB) -> marketplace/datasets/voc-multilabel/images/img_00118.jpg
  uploaded marketplace/datasets/voc-multilabel/images/img_00118.jpg
  streaming upload img_00497.jpg (0.1 MB) -> marketplace/datasets/voc-multilabel/images/img_00497.jpg
  uploaded marketplace/datasets/voc-multilabel/images/img_00497.jpg
  streaming upload img_00483.jpg (0.1 MB) -> marketplace/datasets/voc-multilabel/images/img_00483.jpg
  uploaded marketplace/datasets/voc-multilabel/images/img_00483.jpg
  streaming upload img_00332.jpg (0.1 MB) -> marketplace/datasets/voc-multilabel/images/img_00332.jpg
  uploaded marketplace/datasets/voc-multilabel/images/img_00332.jpg
  streaming upload img_00454.jpg (0.1 MB) -> marketplace/datasets/voc-multilabel/images/img_00454.jpg
  uploaded marketplace/datasets/voc-multilabel/images/img_00454.jpg
  streaming upload img_00440.jpg (0.1 MB) -> marketplace/datasets/voc-multilabel/images/img_00440.jpg
  uploaded marketplace/datasets/voc-multilabel/images/img_00440.jpg
  streaming upload img_00326.jpg (0.1 MB) -> marketplace/datasets/voc-multilabel/images/img_00326.jpg
  uploaded marketplace/datasets/voc-multilabel/images/img_00326.jpg
  streaming upload img_00468.jpg (0.1 MB) -> marketplace/datasets/voc-multilabel/images/img_00468.jpg
  uploaded marketplace/datasets/voc-multilabel/images/img_00468.jpg
  streaming upload img_00285.jpg (0.1 MB) -> marketplace/datasets/voc-multilabel/images/img_00285.jpg
  uploaded marketplace/datasets/voc-multilabel/images/img_00285.jpg
  streaming upload img_00291.jpg (0.1 MB) -> marketplace/datasets/voc-multilabel/images/img_00291.jpg
  uploaded marketplace/datasets/voc-multilabel/images/img_00291.jpg
  streaming upload img_00246.jpg (0.0 MB) -> marketplace/datasets/voc-multilabel/images/img_00246.jpg
  uploaded marketplace/datasets/voc-multilabel/images/img_00246.jpg
  streaming upload img_00520.jpg (0.1 MB) -> marketplace/datasets/voc-multilabel/images/img_00520.jpg
  uploaded marketplace/datasets/voc-multilabel/images/img_00520.jpg
  streaming upload img_00534.jpg (0.1 MB) -> marketplace/datasets/voc-multilabel/images/img_00534.jpg
  uploaded marketplace/datasets/voc-multilabel/images/img_00534.jpg
  streaming upload img_00252.jpg (0.1 MB) -> marketplace/datasets/voc-multilabel/images/img_00252.jpg
  uploaded marketplace/datasets/voc-multilabel/images/img_00252.jpg
  streaming upload img_00508.jpg (0.1 MB) -> marketplace/datasets/voc-multilabel/images/img_00508.jpg
  uploaded marketplace/datasets/voc-multilabel/images/img_00508.jpg
  streaming upload img_00087.jpg (0.1 MB) -> marketplace/datasets/voc-multilabel/images/img_00087.jpg
  uploaded marketplace/datasets/voc-multilabel/images/img_00087.jpg
  streaming upload img_00093.jpg (0.1 MB) -> marketplace/datasets/voc-multilabel/images/img_00093.jpg
  uploaded marketplace/datasets/voc-multilabel/images/img_00093.jpg
  streaming upload img_00722.jpg (0.1 MB) -> marketplace/datasets/voc-multilabel/images/img_00722.jpg
  uploaded marketplace/datasets/voc-multilabel/images/img_00722.jpg
  streaming upload img_00044.jpg (0.1 MB) -> marketplace/datasets/voc-multilabel/images/img_00044.jpg
  uploaded marketplace/datasets/voc-multilabel/images/img_00044.jpg
  streaming upload img_00050.jpg (0.1 MB) -> marketplace/datasets/voc-multilabel/images/img_00050.jpg
  uploaded marketplace/datasets/voc-multilabel/images/img_00050.jpg
  streaming upload img_00736.jpg (0.1 MB) -> marketplace/datasets/voc-multilabel/images/img_00736.jpg
  uploaded marketplace/datasets/voc-multilabel/images/img_00736.jpg
  streaming upload img_00078.jpg (0.1 MB) -> marketplace/datasets/voc-multilabel/images/img_00078.jpg
  uploaded marketplace/datasets/voc-multilabel/images/img_00078.jpg
  streaming upload img_00079.jpg (0.1 MB) -> marketplace/datasets/voc-multilabel/images/img_00079.jpg
  uploaded marketplace/datasets/voc-multilabel/images/img_00079.jpg
  streaming upload img_00051.jpg (0.1 MB) -> marketplace/datasets/voc-multilabel/images/img_00051.jpg
  uploaded marketplace/datasets/voc-multilabel/images/img_00051.jpg
  streaming upload img_00737.jpg (0.1 MB) -> marketplace/datasets/voc-multilabel/images/img_00737.jpg
  uploaded marketplace/datasets/voc-multilabel/images/img_00737.jpg
  streaming upload img_00723.jpg (0.1 MB) -> marketplace/datasets/voc-multilabel/images/img_00723.jpg
  uploaded marketplace/datasets/voc-multilabel/images/img_00723.jpg
  streaming upload img_00045.jpg (0.1 MB) -> marketplace/datasets/voc-multilabel/images/img_00045.jpg
  uploaded marketplace/datasets/voc-multilabel/images/img_00045.jpg
  streaming upload img_00092.jpg (0.1 MB) -> marketplace/datasets/voc-multilabel/images/img_00092.jpg
  uploaded marketplace/datasets/voc-multilabel/images/img_00092.jpg
  streaming upload img_00086.jpg (0.1 MB) -> marketplace/datasets/voc-multilabel/images/img_00086.jpg
  uploaded marketplace/datasets/voc-multilabel/images/img_00086.jpg
  streaming upload img_00509.jpg (0.1 MB) -> marketplace/datasets/voc-multilabel/images/img_00509.jpg
  uploaded marketplace/datasets/voc-multilabel/images/img_00509.jpg
  streaming upload img_00535.jpg (0.1 MB) -> marketplace/datasets/voc-multilabel/images/img_00535.jpg
  uploaded marketplace/datasets/voc-multilabel/images/img_00535.jpg
  streaming upload img_00253.jpg (0.1 MB) -> marketplace/datasets/voc-multilabel/images/img_00253.jpg
  uploaded marketplace/datasets/voc-multilabel/images/img_00253.jpg
  streaming upload img_00247.jpg (0.1 MB) -> marketplace/datasets/voc-multilabel/images/img_00247.jpg
  uploaded marketplace/datasets/voc-multilabel/images/img_00247.jpg
  streaming upload img_00521.jpg (0.0 MB) -> marketplace/datasets/voc-multilabel/images/img_00521.jpg
  uploaded marketplace/datasets/voc-multilabel/images/img_00521.jpg
  streaming upload img_00290.jpg (0.1 MB) -> marketplace/datasets/voc-multilabel/images/img_00290.jpg
  uploaded marketplace/datasets/voc-multilabel/images/img_00290.jpg
  streaming upload img_00284.jpg (0.0 MB) -> marketplace/datasets/voc-multilabel/images/img_00284.jpg
  uploaded marketplace/datasets/voc-multilabel/images/img_00284.jpg
  streaming upload img_00469.jpg (0.1 MB) -> marketplace/datasets/voc-multilabel/images/img_00469.jpg
  uploaded marketplace/datasets/voc-multilabel/images/img_00469.jpg
  streaming upload img_00441.jpg (0.1 MB) -> marketplace/datasets/voc-multilabel/images/img_00441.jpg
  uploaded marketplace/datasets/voc-multilabel/images/img_00441.jpg
  streaming upload img_00327.jpg (0.1 MB) -> marketplace/datasets/voc-multilabel/images/img_00327.jpg
  uploaded marketplace/datasets/voc-multilabel/images/img_00327.jpg
  streaming upload img_00333.jpg (0.1 MB) -> marketplace/datasets/voc-multilabel/images/img_00333.jpg
  uploaded marketplace/datasets/voc-multilabel/images/img_00333.jpg
  streaming upload img_00455.jpg (0.1 MB) -> marketplace/datasets/voc-multilabel/images/img_00455.jpg
  uploaded marketplace/datasets/voc-multilabel/images/img_00455.jpg
  streaming upload img_00482.jpg (0.1 MB) -> marketplace/datasets/voc-multilabel/images/img_00482.jpg
  uploaded marketplace/datasets/voc-multilabel/images/img_00482.jpg
  streaming upload img_00496.jpg (0.0 MB) -> marketplace/datasets/voc-multilabel/images/img_00496.jpg
  uploaded marketplace/datasets/voc-multilabel/images/img_00496.jpg
  streaming upload img_00119.jpg (0.1 MB) -> marketplace/datasets/voc-multilabel/images/img_00119.jpg
  uploaded marketplace/datasets/voc-multilabel/images/img_00119.jpg
  streaming upload img_00125.jpg (0.1 MB) -> marketplace/datasets/voc-multilabel/images/img_00125.jpg
  uploaded marketplace/datasets/voc-multilabel/images/img_00125.jpg
  streaming upload img_00643.jpg (0.0 MB) -> marketplace/datasets/voc-multilabel/images/img_00643.jpg
  uploaded marketplace/datasets/voc-multilabel/images/img_00643.jpg
  streaming upload img_00657.jpg (0.1 MB) -> marketplace/datasets/voc-multilabel/images/img_00657.jpg
  uploaded marketplace/datasets/voc-multilabel/images/img_00657.jpg
  streaming upload img_00131.jpg (0.1 MB) -> marketplace/datasets/voc-multilabel/images/img_00131.jpg
  uploaded marketplace/datasets/voc-multilabel/images/img_00131.jpg
  streaming upload img_00680.jpg (0.1 MB) -> marketplace/datasets/voc-multilabel/images/img_00680.jpg
  uploaded marketplace/datasets/voc-multilabel/images/img_00680.jpg
  streaming upload img_00694.jpg (0.1 MB) -> marketplace/datasets/voc-multilabel/images/img_00694.jpg
  uploaded marketplace/datasets/voc-multilabel/images/img_00694.jpg
  streaming upload img_00682.jpg (0.1 MB) -> marketplace/datasets/voc-multilabel/images/img_00682.jpg
  uploaded marketplace/datasets/voc-multilabel/images/img_00682.jpg
  streaming upload img_00696.jpg (0.1 MB) -> marketplace/datasets/voc-multilabel/images/img_00696.jpg
  uploaded marketplace/datasets/voc-multilabel/images/img_00696.jpg
  streaming upload img_00641.jpg (0.1 MB) -> marketplace/datasets/voc-multilabel/images/img_00641.jpg
  uploaded marketplace/datasets/voc-multilabel/images/img_00641.jpg
  streaming upload img_00127.jpg (0.1 MB) -> marketplace/datasets/voc-multilabel/images/img_00127.jpg
  uploaded marketplace/datasets/voc-multilabel/images/img_00127.jpg
  streaming upload img_00133.jpg (0.1 MB) -> marketplace/datasets/voc-multilabel/images/img_00133.jpg
  uploaded marketplace/datasets/voc-multilabel/images/img_00133.jpg
  streaming upload img_00655.jpg (0.1 MB) -> marketplace/datasets/voc-multilabel/images/img_00655.jpg
  uploaded marketplace/datasets/voc-multilabel/images/img_00655.jpg
  streaming upload img_00669.jpg (0.1 MB) -> marketplace/datasets/voc-multilabel/images/img_00669.jpg
  uploaded marketplace/datasets/voc-multilabel/images/img_00669.jpg
  streaming upload img_00480.jpg (0.1 MB) -> marketplace/datasets/voc-multilabel/images/img_00480.jpg
